=== X-interior spot certificates ===
  alpha +0.889-0.512i: nvec=60 bases=1 ALL CERTIFIED
  alpha +0.248+0.666i: nvec=60 bases=1 ALL CERTIFIED
  alpha -0.036-1.044i: nvec=60 bases=1 ALL CERTIFIED
  alpha -0.443+0.493i: nvec=60 bases=1 ALL CERTIFIED
  alpha -0.482+0.578i: nvec=60 bases=1 ALL CERTIFIED
  alpha -0.529+0.678i: nvec=60 bases=1 ALL CERTIFIED
  alpha +0.500+0.131i: nvec=60 bases=1 ALL CERTIFIED
  alpha -0.312+0.254i: nvec=60 bases=1 ALL CERTIFIED

=== chain line across D: alpha = t + 0.15i, t in [-0.7, 0.7] ===
  t -0.590 (8%), nvec=60 nbases=1 delta=3.00e-03 [2.8 min]
  t -0.473 (16%), nvec=60 nbases=1 delta=3.00e-03 [5.5 min]
  t -0.356 (25%), nvec=60 nbases=1 delta=3.00e-03 [8.3 min]
  t -0.238 (33%), nvec=60 nbases=1 delta=3.00e-03 [11.5 min]
  t -0.121 (41%), nvec=60 nbases=1 delta=3.00e-03 [14.3 min]
  t -0.004 (50%), nvec=60 nbases=1 delta=3.00e-03 [17.0 min]
  t +0.113 (58%), nvec=60 nbases=1 delta=3.00e-03 [19.8 min]
  t +0.230 (66%), nvec=60 nbases=1 delta=3.00e-03 [22.6 min]
  t +0.347 (75%), nvec=60 nbases=1 delta=3.00e-03 [25.4 min]
  t +0.464 (83%), nvec=60 nbases=1 delta=3.00e-03 [28.1 min]
  t +0.581 (91%), nvec=60 nbases=1 delta=3.00e-03 [30.8 min]
  t +0.698 (100%), nvec=60 nbases=1 delta=3.00e-03 [33.6 min]

X LINE DONE: 241 anchors, 2 gaps, 33.7 min
  GAP t ~ -0.2598: no basis (54 vecs)
  GAP t ~ -0.2594: no basis (59 vecs)
