=== mini-campaign block at K6[5.9785 4.0075 1.6328], h=4e-4 [CERTIFIED TAXES] ===
  line (phi+0, lam+0):
  anchor: 3474903 boxes, cached 1722272 (+0 slant) [79 MB], 24 conflicts, 21 s
    step dist=6.40e-04: check 13 ms, fail 72797 (+0 slant, 78297 patch boxes, 0.6 s), motion 0.0027, OK (24 conflicts) [1.9 s]
    step dist=1.28e-03: check 12 ms, fail 147390 (+0 slant, 158412 patch boxes, 0.9 s), motion 0.0054, OK (24 conflicts) [2.1 s]
    step dist=1.92e-03: check 12 ms, fail 221334 (+0 slant, 238090 patch boxes, 1.3 s), motion 0.0081, OK (24 conflicts) [2.6 s]
    step dist=2.56e-03: check 14 ms, fail 294583 (+0 slant, 316623 patch boxes, 1.5 s), motion 0.0108, OK (24 conflicts) [2.9 s]
    step dist=3.20e-03: check 12 ms, fail 364641 (+0 slant, 392095 patch boxes, 1.8 s), motion 0.0135, OK (24 conflicts) [3.2 s]
    step dist=3.84e-03: check 12 ms, fail 430892 (+0 slant, 463662 patch boxes, 2.1 s), motion 0.0162, OK (24 conflicts) [3.5 s]
  line (phi+0, lam+1):
  anchor: 3474027 boxes, cached 1722110 (+0 slant) [79 MB], 24 conflicts, 21 s
    step dist=6.40e-04: check 12 ms, fail 72885 (+0 slant, 78441 patch boxes, 0.6 s), motion 0.0027, OK (24 conflicts) [2.0 s]
    step dist=1.28e-03: check 12 ms, fail 147290 (+0 slant, 158356 patch boxes, 0.9 s), motion 0.0054, OK (24 conflicts) [2.1 s]
    step dist=1.92e-03: check 12 ms, fail 221348 (+0 slant, 237848 patch boxes, 1.2 s), motion 0.0081, OK (24 conflicts) [2.6 s]
    step dist=2.56e-03: check 12 ms, fail 294366 (+0 slant, 316394 patch boxes, 1.5 s), motion 0.0108, OK (24 conflicts) [3.0 s]
    step dist=3.20e-03: check 12 ms, fail 364588 (+0 slant, 392026 patch boxes, 1.8 s), motion 0.0135, OK (24 conflicts) [3.3 s]
    step dist=3.84e-03: check 12 ms, fail 430892 (+0 slant, 463808 patch boxes, 2.1 s), motion 0.0162, OK (24 conflicts) [3.6 s]
  line (phi+0, lam+2):
  anchor: 3477813 boxes, cached 1723750 (+0 slant) [79 MB], 24 conflicts, 21 s
    step dist=6.40e-04: check 13 ms, fail 73034 (+0 slant, 78580 patch boxes, 0.6 s), motion 0.0027, OK (24 conflicts) [1.9 s]
    step dist=1.28e-03: check 12 ms, fail 147585 (+0 slant, 158477 patch boxes, 0.9 s), motion 0.0054, OK (24 conflicts) [2.1 s]
    step dist=1.92e-03: check 13 ms, fail 221747 (+0 slant, 238221 patch boxes, 1.2 s), motion 0.0081, OK (24 conflicts) [2.6 s]
    step dist=2.56e-03: check 12 ms, fail 294994 (+0 slant, 316832 patch boxes, 1.5 s), motion 0.0108, OK (24 conflicts) [3.0 s]
    step dist=3.20e-03: check 12 ms, fail 365318 (+0 slant, 392660 patch boxes, 1.8 s), motion 0.0135, OK (24 conflicts) [3.2 s]
    step dist=3.84e-03: check 13 ms, fail 431842 (+0 slant, 464676 patch boxes, 2.1 s), motion 0.0162, OK (24 conflicts) [3.5 s]
  line (phi+0, lam+3):
  anchor: 3479481 boxes, cached 1724580 (+0 slant) [79 MB], 24 conflicts, 21 s
    step dist=6.40e-04: check 13 ms, fail 73024 (+0 slant, 78538 patch boxes, 0.6 s), motion 0.0027, OK (24 conflicts) [1.9 s]
    step dist=1.28e-03: check 12 ms, fail 147652 (+0 slant, 158738 patch boxes, 0.9 s), motion 0.0054, OK (24 conflicts) [2.3 s]
    step dist=1.92e-03: check 12 ms, fail 221959 (+0 slant, 238517 patch boxes, 1.3 s), motion 0.0081, OK (24 conflicts) [2.7 s]
    step dist=2.56e-03: check 12 ms, fail 295273 (+0 slant, 317193 patch boxes, 1.5 s), motion 0.0108, OK (24 conflicts) [3.0 s]
    step dist=3.20e-03: check 14 ms, fail 365580 (+0 slant, 392884 patch boxes, 1.8 s), motion 0.0135, OK (24 conflicts) [3.1 s]
    step dist=3.84e-03: check 14 ms, fail 432103 (+0 slant, 464925 patch boxes, 2.2 s), motion 0.0162, OK (24 conflicts) [3.6 s]
  line (phi+1, lam+0):
  anchor: 3475073 boxes, cached 1722349 (+0 slant) [79 MB], 24 conflicts, 26 s
    step dist=6.40e-04: check 15 ms, fail 72773 (+0 slant, 78245 patch boxes, 0.7 s), motion 0.0027, OK (24 conflicts) [2.1 s]
    step dist=1.28e-03: check 14 ms, fail 147258 (+0 slant, 158198 patch boxes, 1.0 s), motion 0.0054, OK (24 conflicts) [2.3 s]
    step dist=1.92e-03: check 13 ms, fail 221318 (+0 slant, 237900 patch boxes, 1.3 s), motion 0.0081, OK (24 conflicts) [3.3 s]
    step dist=2.56e-03: check 15 ms, fail 294601 (+0 slant, 316625 patch boxes, 1.6 s), motion 0.0108, OK (24 conflicts) [3.1 s]
    step dist=3.20e-03: check 20 ms, fail 364750 (+0 slant, 392204 patch boxes, 3.1 s), motion 0.0135, OK (24 conflicts) [4.5 s]
    step dist=3.84e-03: check 14 ms, fail 430851 (+0 slant, 463609 patch boxes, 2.2 s), motion 0.0162, OK (24 conflicts) [3.7 s]
  line (phi+1, lam+1):
  anchor: 3478389 boxes, cached 1723880 (+0 slant) [79 MB], 24 conflicts, 24 s
    step dist=6.40e-04: check 43 ms, fail 73088 (+0 slant, 78616 patch boxes, 0.9 s), motion 0.0027, OK (24 conflicts) [2.7 s]
    step dist=1.28e-03: check 12 ms, fail 147614 (+0 slant, 158634 patch boxes, 1.0 s), motion 0.0054, OK (24 conflicts) [2.2 s]
    step dist=1.92e-03: check 12 ms, fail 221816 (+0 slant, 238252 patch boxes, 1.5 s), motion 0.0081, OK (24 conflicts) [3.4 s]
    step dist=2.56e-03: check 14 ms, fail 295118 (+0 slant, 317130 patch boxes, 1.9 s), motion 0.0108, OK (24 conflicts) [3.5 s]
    step dist=3.20e-03: check 15 ms, fail 365380 (+0 slant, 392752 patch boxes, 2.5 s), motion 0.0135, OK (24 conflicts) [3.9 s]
    step dist=3.84e-03: check 12 ms, fail 431717 (+0 slant, 464531 patch boxes, 2.3 s), motion 0.0162, OK (24 conflicts) [3.9 s]
  line (phi+1, lam+2):
  anchor: 3477423 boxes, cached 1723511 (+0 slant) [79 MB], 24 conflicts, 26 s
    step dist=6.40e-04: check 15 ms, fail 73022 (+0 slant, 78560 patch boxes, 0.6 s), motion 0.0027, OK (24 conflicts) [2.0 s]
    step dist=1.28e-03: check 15 ms, fail 147573 (+0 slant, 158559 patch boxes, 0.9 s), motion 0.0054, OK (24 conflicts) [2.3 s]
    step dist=1.92e-03: check 12 ms, fail 221778 (+0 slant, 238312 patch boxes, 1.4 s), motion 0.0081, OK (24 conflicts) [3.3 s]
    step dist=2.56e-03: check 15 ms, fail 295018 (+0 slant, 316942 patch boxes, 1.8 s), motion 0.0108, OK (24 conflicts) [3.5 s]
    step dist=3.20e-03: check 17 ms, fail 365175 (+0 slant, 392601 patch boxes, 2.1 s), motion 0.0135, OK (24 conflicts) [3.6 s]
    step dist=3.84e-03: check 17 ms, fail 431619 (+0 slant, 464465 patch boxes, 2.5 s), motion 0.0162, OK (24 conflicts) [3.9 s]
  line (phi+1, lam+3):
  anchor: 3479655 boxes, cached 1724599 (+0 slant) [79 MB], 24 conflicts, 24 s
    step dist=6.40e-04: check 15 ms, fail 72956 (+0 slant, 78468 patch boxes, 0.7 s), motion 0.0027, OK (24 conflicts) [2.0 s]
    step dist=1.28e-03: check 13 ms, fail 147719 (+0 slant, 158649 patch boxes, 0.9 s), motion 0.0054, OK (24 conflicts) [2.4 s]
    step dist=1.92e-03: check 16 ms, fail 221980 (+0 slant, 238386 patch boxes, 1.3 s), motion 0.0081, OK (24 conflicts) [2.8 s]
    step dist=2.56e-03: check 14 ms, fail 295282 (+0 slant, 317142 patch boxes, 1.7 s), motion 0.0108, OK (24 conflicts) [3.1 s]
    step dist=3.20e-03: check 19 ms, fail 365614 (+0 slant, 392946 patch boxes, 1.9 s), motion 0.0135, OK (24 conflicts) [3.1 s]
    step dist=3.84e-03: check 12 ms, fail 432123 (+0 slant, 464821 patch boxes, 2.2 s), motion 0.0162, OK (24 conflicts) [3.7 s]
  line (phi+2, lam+0):
  anchor: 3477003 boxes, cached 1723363 (+0 slant) [79 MB], 24 conflicts, 25 s
    step dist=6.40e-04: check 14 ms, fail 72968 (+0 slant, 78464 patch boxes, 0.7 s), motion 0.0027, OK (24 conflicts) [2.2 s]
    step dist=1.28e-03: check 15 ms, fail 147645 (+0 slant, 158721 patch boxes, 1.1 s), motion 0.0054, OK (24 conflicts) [2.4 s]
    step dist=1.92e-03: check 17 ms, fail 221937 (+0 slant, 238511 patch boxes, 1.6 s), motion 0.0081, OK (24 conflicts) [3.0 s]
    step dist=2.56e-03: check 12 ms, fail 295124 (+0 slant, 317142 patch boxes, 1.6 s), motion 0.0108, OK (24 conflicts) [3.0 s]
    step dist=3.20e-03: check 12 ms, fail 365438 (+0 slant, 392886 patch boxes, 1.9 s), motion 0.0134, OK (24 conflicts) [3.3 s]
    step dist=3.84e-03: check 12 ms, fail 431500 (+0 slant, 464394 patch boxes, 2.1 s), motion 0.0161, OK (24 conflicts) [3.6 s]
  line (phi+2, lam+1):
  anchor: 3479841 boxes, cached 1724599 (+0 slant) [79 MB], 24 conflicts, 24 s
    step dist=6.40e-04: check 13 ms, fail 73245 (+0 slant, 78723 patch boxes, 0.6 s), motion 0.0027, OK (24 conflicts) [2.2 s]
    step dist=1.28e-03: check 14 ms, fail 147965 (+0 slant, 158937 patch boxes, 0.9 s), motion 0.0054, OK (24 conflicts) [2.3 s]
    step dist=1.92e-03: check 13 ms, fail 222238 (+0 slant, 238536 patch boxes, 1.5 s), motion 0.0081, OK (24 conflicts) [3.9 s]
    step dist=2.56e-03: check 14 ms, fail 295678 (+0 slant, 317654 patch boxes, 2.2 s), motion 0.0108, OK (24 conflicts) [4.0 s]
    step dist=3.20e-03: check 15 ms, fail 365972 (+0 slant, 393444 patch boxes, 2.0 s), motion 0.0135, OK (24 conflicts) [3.2 s]
    step dist=3.84e-03: check 13 ms, fail 432282 (+0 slant, 465156 patch boxes, 2.2 s), motion 0.0161, OK (24 conflicts) [3.5 s]
  line (phi+2, lam+2):
  anchor: 3480897 boxes, cached 1725081 (+0 slant) [79 MB], 24 conflicts, 21 s
    step dist=6.40e-04: check 14 ms, fail 73284 (+0 slant, 78848 patch boxes, 0.6 s), motion 0.0027, OK (24 conflicts) [2.2 s]
    step dist=1.28e-03: check 12 ms, fail 148112 (+0 slant, 159082 patch boxes, 0.9 s), motion 0.0054, OK (24 conflicts) [2.1 s]
    step dist=1.92e-03: check 13 ms, fail 222353 (+0 slant, 238873 patch boxes, 1.3 s), motion 0.0081, OK (24 conflicts) [2.7 s]
    step dist=2.56e-03: check 13 ms, fail 295924 (+0 slant, 317834 patch boxes, 1.5 s), motion 0.0108, OK (24 conflicts) [2.8 s]
    step dist=3.20e-03: check 13 ms, fail 366205 (+0 slant, 393717 patch boxes, 1.8 s), motion 0.0135, OK (24 conflicts) [3.3 s]
    step dist=3.84e-03: check 12 ms, fail 432621 (+0 slant, 465379 patch boxes, 2.1 s), motion 0.0162, OK (24 conflicts) [3.7 s]
  line (phi+2, lam+3):
  anchor: 3479291 boxes, cached 1724467 (+0 slant) [79 MB], 24 conflicts, 22 s
    step dist=6.40e-04: check 13 ms, fail 73173 (+0 slant, 78763 patch boxes, 0.6 s), motion 0.0027, OK (24 conflicts) [2.4 s]
    step dist=1.28e-03: check 13 ms, fail 147871 (+0 slant, 158843 patch boxes, 0.9 s), motion 0.0054, OK (24 conflicts) [2.1 s]
    step dist=1.92e-03: check 13 ms, fail 222122 (+0 slant, 238618 patch boxes, 1.3 s), motion 0.0081, OK (24 conflicts) [2.6 s]
    step dist=2.56e-03: check 12 ms, fail 295535 (+0 slant, 317485 patch boxes, 1.5 s), motion 0.0108, OK (24 conflicts) [2.8 s]
    step dist=3.20e-03: check 12 ms, fail 365671 (+0 slant, 393055 patch boxes, 1.9 s), motion 0.0135, OK (24 conflicts) [3.2 s]
    step dist=3.84e-03: check 12 ms, fail 432188 (+0 slant, 464942 patch boxes, 2.1 s), motion 0.0162, OK (24 conflicts) [3.4 s]
  line (phi+3, lam+0):
  anchor: 3479365 boxes, cached 1724336 (+0 slant) [79 MB], 24 conflicts, 21 s
    step dist=6.40e-04: check 13 ms, fail 73124 (+0 slant, 78532 patch boxes, 0.6 s), motion 0.0027, OK (24 conflicts) [2.1 s]
    step dist=1.28e-03: check 12 ms, fail 148104 (+0 slant, 159198 patch boxes, 0.9 s), motion 0.0054, OK (24 conflicts) [2.2 s]
    step dist=1.92e-03: check 12 ms, fail 222387 (+0 slant, 239023 patch boxes, 1.2 s), motion 0.0080, OK (24 conflicts) [2.8 s]
    step dist=2.56e-03: check 12 ms, fail 295694 (+0 slant, 317744 patch boxes, 1.6 s), motion 0.0107, OK (24 conflicts) [3.2 s]
    step dist=3.20e-03: check 12 ms, fail 366076 (+0 slant, 393664 patch boxes, 1.9 s), motion 0.0134, OK (24 conflicts) [3.4 s]
    step dist=3.84e-03: check 12 ms, fail 432289 (+0 slant, 465309 patch boxes, 2.2 s), motion 0.0161, OK (24 conflicts) [3.8 s]
  line (phi+3, lam+1):
  anchor: 3480735 boxes, cached 1724997 (+0 slant) [79 MB], 24 conflicts, 21 s
    step dist=6.40e-04: check 13 ms, fail 73309 (+0 slant, 78845 patch boxes, 0.6 s), motion 0.0027, OK (24 conflicts) [1.9 s]
    step dist=1.28e-03: check 12 ms, fail 148107 (+0 slant, 159127 patch boxes, 0.9 s), motion 0.0054, OK (24 conflicts) [2.3 s]
    step dist=1.92e-03: check 14 ms, fail 222468 (+0 slant, 239102 patch boxes, 1.3 s), motion 0.0081, OK (24 conflicts) [2.7 s]
    step dist=2.56e-03: check 13 ms, fail 295795 (+0 slant, 317853 patch boxes, 1.6 s), motion 0.0107, OK (24 conflicts) [3.0 s]
    step dist=3.20e-03: check 12 ms, fail 366246 (+0 slant, 393720 patch boxes, 1.9 s), motion 0.0134, OK (24 conflicts) [3.3 s]
    step dist=3.84e-03: check 13 ms, fail 432655 (+0 slant, 465617 patch boxes, 2.2 s), motion 0.0161, OK (24 conflicts) [3.4 s]
  line (phi+3, lam+2):
  anchor: 3480099 boxes, cached 1724678 (+0 slant) [79 MB], 24 conflicts, 21 s
    step dist=6.40e-04: check 12 ms, fail 73323 (+0 slant, 78771 patch boxes, 0.6 s), motion 0.0027, OK (24 conflicts) [1.9 s]
    step dist=1.28e-03: check 12 ms, fail 147879 (+0 slant, 158665 patch boxes, 0.9 s), motion 0.0054, OK (24 conflicts) [2.3 s]
    step dist=1.92e-03: check 12 ms, fail 222141 (+0 slant, 238473 patch boxes, 1.3 s), motion 0.0081, OK (24 conflicts) [2.8 s]
    step dist=2.56e-03: check 12 ms, fail 295584 (+0 slant, 317484 patch boxes, 1.5 s), motion 0.0108, OK (24 conflicts) [3.1 s]
    step dist=3.20e-03: check 12 ms, fail 365812 (+0 slant, 393116 patch boxes, 1.8 s), motion 0.0134, OK (24 conflicts) [3.3 s]
    step dist=3.84e-03: check 13 ms, fail 432347 (+0 slant, 465027 patch boxes, 2.1 s), motion 0.0161, OK (24 conflicts) [3.7 s]
  line (phi+3, lam+3):
  anchor: 3479393 boxes, cached 1724496 (+0 slant) [79 MB], 24 conflicts, 21 s
    step dist=6.40e-04: check 13 ms, fail 73141 (+0 slant, 78675 patch boxes, 0.6 s), motion 0.0027, OK (24 conflicts) [2.0 s]
    step dist=1.28e-03: check 12 ms, fail 147762 (+0 slant, 158778 patch boxes, 0.9 s), motion 0.0054, OK (24 conflicts) [2.3 s]
    step dist=1.92e-03: check 12 ms, fail 222107 (+0 slant, 238447 patch boxes, 1.2 s), motion 0.0081, OK (24 conflicts) [2.7 s]
    step dist=2.56e-03: check 12 ms, fail 295438 (+0 slant, 317466 patch boxes, 1.5 s), motion 0.0108, OK (24 conflicts) [3.1 s]
    step dist=3.20e-03: check 12 ms, fail 365688 (+0 slant, 393110 patch boxes, 1.8 s), motion 0.0135, OK (24 conflicts) [3.3 s]
    step dist=3.84e-03: check 12 ms, fail 432178 (+0 slant, 464982 patch boxes, 2.1 s), motion 0.0161, OK (24 conflicts) [3.5 s]

BLOCK CERTIFIED (prototype): 112 tiles, 16 anchors, 10.6 min
certified box: theta [5.978103, 5.982743] x phi [4.007135, 4.010095] x lam [1.632365, 1.635325]
extents 4.64e-03 x 2.96e-03 x 2.96e-03 = volume 4.07e-08 (79x one tile)
