=== mini-campaign block at K6[5.9785 4.0075 1.6328], h=4e-4 ===
  line (phi+0, lam+0):
  anchor: 4774145 boxes, cached 2079469 (+294442 slant) [95 MB], 24 conflicts, 25 s
    step dist=6.40e-04: check 6 ms, fail 460671 (+294442 slant, 771329 patch boxes, 3.3 s), motion 0.0027, OK (24 conflicts) [4.0 s]
    step dist=1.28e-03: check 4 ms, fail 806423 (+294442 slant, 1133231 patch boxes, 4.7 s), motion 0.0054, OK (24 conflicts) [5.4 s]
    step dist=1.92e-03: check 3 ms, fail 1059019 (+294442 slant, 1401939 patch boxes, 5.8 s), motion 0.0081, OK (24 conflicts) [6.5 s]
    step dist=2.56e-03: check 3 ms, fail 1275238 (+294442 slant, 1634014 patch boxes, 6.6 s), motion 0.0108, OK (24 conflicts) [7.4 s]
    step dist=3.20e-03: check 4 ms, fail 1443430 (+294442 slant, 1817820 patch boxes, 7.4 s), motion 0.0135, OK (24 conflicts) [8.1 s]
    step dist=3.84e-03: check 3 ms, fail 1564601 (+294442 slant, 1954255 patch boxes, 7.9 s), motion 0.0162, OK (24 conflicts) [8.6 s]
  line (phi+0, lam+1):
  anchor: 4776003 boxes, cached 2079864 (+295047 slant) [95 MB], 24 conflicts, 25 s
    step dist=6.40e-04: check 4 ms, fail 460879 (+295047 slant, 772136 patch boxes, 3.2 s), motion 0.0027, OK (24 conflicts) [4.0 s]
    step dist=1.28e-03: check 3 ms, fail 807006 (+295047 slant, 1134235 patch boxes, 4.7 s), motion 0.0054, OK (24 conflicts) [5.4 s]
    step dist=1.92e-03: check 3 ms, fail 1059651 (+295047 slant, 1402980 patch boxes, 5.8 s), motion 0.0081, OK (24 conflicts) [6.5 s]
    step dist=2.56e-03: check 4 ms, fail 1275972 (+295047 slant, 1635357 patch boxes, 6.8 s), motion 0.0108, OK (24 conflicts) [7.5 s]
    step dist=3.20e-03: check 4 ms, fail 1443972 (+295047 slant, 1819151 patch boxes, 7.5 s), motion 0.0135, OK (24 conflicts) [8.2 s]
    step dist=3.84e-03: check 3 ms, fail 1565122 (+295047 slant, 1955227 patch boxes, 7.9 s), motion 0.0162, OK (24 conflicts) [8.7 s]
  line (phi+0, lam+2):
  anchor: 4776333 boxes, cached 2080302 (+294685 slant) [95 MB], 24 conflicts, 25 s
    step dist=6.40e-04: check 3 ms, fail 461489 (+294685 slant, 772314 patch boxes, 3.3 s), motion 0.0027, OK (24 conflicts) [3.9 s]
    step dist=1.28e-03: check 4 ms, fail 807499 (+294685 slant, 1134366 patch boxes, 4.7 s), motion 0.0054, OK (24 conflicts) [5.5 s]
    step dist=1.92e-03: check 3 ms, fail 1060191 (+294685 slant, 1402856 patch boxes, 5.8 s), motion 0.0081, OK (24 conflicts) [6.6 s]
    step dist=2.56e-03: check 3 ms, fail 1276705 (+294685 slant, 1635676 patch boxes, 6.7 s), motion 0.0108, OK (24 conflicts) [7.4 s]
    step dist=3.20e-03: check 3 ms, fail 1444753 (+294685 slant, 1819370 patch boxes, 7.4 s), motion 0.0135, OK (24 conflicts) [8.1 s]
    step dist=3.84e-03: check 4 ms, fail 1565780 (+294685 slant, 1955611 patch boxes, 7.9 s), motion 0.0162, OK (24 conflicts) [8.7 s]
  line (phi+0, lam+3):
  anchor: 4778437 boxes, cached 2080863 (+295134 slant) [95 MB], 24 conflicts, 25 s
    step dist=6.40e-04: check 3 ms, fail 461945 (+295134 slant, 773143 patch boxes, 3.3 s), motion 0.0027, OK (24 conflicts) [4.0 s]
    step dist=1.28e-03: check 3 ms, fail 808074 (+295134 slant, 1135326 patch boxes, 4.8 s), motion 0.0054, OK (24 conflicts) [5.5 s]
    step dist=1.92e-03: check 3 ms, fail 1060988 (+295134 slant, 1403966 patch boxes, 5.8 s), motion 0.0081, OK (24 conflicts) [6.5 s]
    step dist=2.56e-03: check 3 ms, fail 1277373 (+295134 slant, 1636179 patch boxes, 6.7 s), motion 0.0108, OK (24 conflicts) [7.5 s]
    step dist=3.20e-03: check 3 ms, fail 1445400 (+295134 slant, 1819936 patch boxes, 7.5 s), motion 0.0135, OK (24 conflicts) [8.4 s]
    step dist=3.84e-03: check 3 ms, fail 1566394 (+295134 slant, 1956872 patch boxes, 8.0 s), motion 0.0162, OK (24 conflicts) [8.8 s]
  line (phi+1, lam+0):
  anchor: 4774231 boxes, cached 2079608 (+294374 slant) [95 MB], 24 conflicts, 25 s
    step dist=6.40e-04: check 4 ms, fail 460788 (+294374 slant, 771304 patch boxes, 3.3 s), motion 0.0027, OK (24 conflicts) [4.1 s]
    step dist=1.28e-03: check 5 ms, fail 806432 (+294374 slant, 1133006 patch boxes, 4.8 s), motion 0.0054, OK (24 conflicts) [5.6 s]
    step dist=1.92e-03: check 3 ms, fail 1059180 (+294374 slant, 1402156 patch boxes, 5.8 s), motion 0.0081, OK (24 conflicts) [6.7 s]
    step dist=2.56e-03: check 3 ms, fail 1275403 (+294374 slant, 1634231 patch boxes, 6.8 s), motion 0.0108, OK (24 conflicts) [7.7 s]
    step dist=3.20e-03: check 3 ms, fail 1443602 (+294374 slant, 1817784 patch boxes, 7.4 s), motion 0.0135, OK (24 conflicts) [8.0 s]
    step dist=3.84e-03: check 4 ms, fail 1564719 (+294374 slant, 1954417 patch boxes, 8.1 s), motion 0.0162, OK (24 conflicts) [8.9 s]
  line (phi+1, lam+1):
  anchor: 4776303 boxes, cached 2079887 (+295176 slant) [95 MB], 24 conflicts, 25 s
    step dist=6.40e-04: check 4 ms, fail 460984 (+295176 slant, 772258 patch boxes, 3.3 s), motion 0.0027, OK (24 conflicts) [4.1 s]
    step dist=1.28e-03: check 4 ms, fail 807029 (+295176 slant, 1134083 patch boxes, 4.6 s), motion 0.0054, OK (24 conflicts) [5.3 s]
    step dist=1.92e-03: check 3 ms, fail 1059687 (+295176 slant, 1403215 patch boxes, 5.7 s), motion 0.0081, OK (24 conflicts) [6.5 s]
    step dist=2.56e-03: check 3 ms, fail 1276048 (+295176 slant, 1635454 patch boxes, 6.7 s), motion 0.0108, OK (24 conflicts) [7.5 s]
    step dist=3.20e-03: check 3 ms, fail 1444078 (+295176 slant, 1819204 patch boxes, 7.4 s), motion 0.0135, OK (24 conflicts) [8.2 s]
    step dist=3.84e-03: check 4 ms, fail 1565230 (+295176 slant, 1955448 patch boxes, 8.0 s), motion 0.0162, OK (24 conflicts) [8.7 s]
  line (phi+1, lam+2):
  anchor: 4778643 boxes, cached 2080499 (+295569 slant) [95 MB], 24 conflicts, 25 s
    step dist=6.40e-04: check 4 ms, fail 461645 (+295569 slant, 773448 patch boxes, 3.3 s), motion 0.0027, OK (24 conflicts) [3.9 s]
    step dist=1.28e-03: check 3 ms, fail 807617 (+295569 slant, 1135520 patch boxes, 4.9 s), motion 0.0054, OK (24 conflicts) [5.7 s]
    step dist=1.92e-03: check 3 ms, fail 1060421 (+295569 slant, 1404120 patch boxes, 5.7 s), motion 0.0081, OK (24 conflicts) [6.5 s]
    step dist=2.56e-03: check 4 ms, fail 1276852 (+295569 slant, 1636723 patch boxes, 6.6 s), motion 0.0108, OK (24 conflicts) [7.4 s]
    step dist=3.20e-03: check 3 ms, fail 1444894 (+295569 slant, 1820441 patch boxes, 7.3 s), motion 0.0135, OK (24 conflicts) [8.1 s]
    step dist=3.84e-03: check 3 ms, fail 1565913 (+295569 slant, 1957186 patch boxes, 7.9 s), motion 0.0162, OK (24 conflicts) [8.7 s]
  line (phi+1, lam+3):
  anchor: 4781817 boxes, cached 2080971 (+296579 slant) [95 MB], 24 conflicts, 25 s
    step dist=6.40e-04: check 4 ms, fail 462183 (+296579 slant, 775000 patch boxes, 3.3 s), motion 0.0027, OK (24 conflicts) [4.1 s]
    step dist=1.28e-03: check 3 ms, fail 808098 (+296579 slant, 1136875 patch boxes, 4.7 s), motion 0.0054, OK (24 conflicts) [5.4 s]
    step dist=1.92e-03: check 4 ms, fail 1061008 (+296579 slant, 1405497 patch boxes, 5.9 s), motion 0.0081, OK (24 conflicts) [6.6 s]
    step dist=2.56e-03: check 3 ms, fail 1277484 (+296579 slant, 1637727 patch boxes, 6.7 s), motion 0.0108, OK (24 conflicts) [7.5 s]
    step dist=3.20e-03: check 3 ms, fail 1445399 (+296579 slant, 1821684 patch boxes, 8.1 s), motion 0.0135, OK (24 conflicts) [8.8 s]
    step dist=3.84e-03: check 4 ms, fail 1566402 (+296579 slant, 1958381 patch boxes, 8.7 s), motion 0.0162, OK (24 conflicts) [9.5 s]
  line (phi+2, lam+0):
  anchor: 4779053 boxes, cached 2080001 (+296174 slant) [95 MB], 24 conflicts, 26 s
    step dist=6.40e-04: check 4 ms, fail 461018 (+296174 slant, 773358 patch boxes, 3.3 s), motion 0.0027, OK (24 conflicts) [4.2 s]
    step dist=1.28e-03: check 3 ms, fail 806626 (+296174 slant, 1135038 patch boxes, 4.7 s), motion 0.0054, OK (24 conflicts) [5.5 s]
    step dist=1.92e-03: check 4 ms, fail 1059522 (+296174 slant, 1404320 patch boxes, 5.8 s), motion 0.0081, OK (24 conflicts) [6.7 s]
    step dist=2.56e-03: check 4 ms, fail 1275712 (+296174 slant, 1636340 patch boxes, 6.9 s), motion 0.0108, OK (24 conflicts) [7.8 s]
    step dist=3.20e-03: check 5 ms, fail 1443953 (+296174 slant, 1819851 patch boxes, 7.6 s), motion 0.0134, OK (24 conflicts) [8.4 s]
    step dist=3.84e-03: check 4 ms, fail 1564941 (+296174 slant, 1956581 patch boxes, 8.2 s), motion 0.0161, OK (24 conflicts) [9.1 s]
  line (phi+2, lam+1):
  anchor: 4779139 boxes, cached 2081987 (+294213 slant) [95 MB], 24 conflicts, 26 s
    step dist=6.40e-04: check 3 ms, fail 461843 (+294213 slant, 772206 patch boxes, 3.3 s), motion 0.0027, OK (24 conflicts) [4.2 s]
    step dist=1.28e-03: check 4 ms, fail 808330 (+294213 slant, 1134723 patch boxes, 4.7 s), motion 0.0054, OK (24 conflicts) [5.5 s]
    step dist=1.92e-03: check 4 ms, fail 1061317 (+294213 slant, 1404070 patch boxes, 5.9 s), motion 0.0081, OK (24 conflicts) [6.7 s]
    step dist=2.56e-03: check 4 ms, fail 1277752 (+294213 slant, 1636537 patch boxes, 6.9 s), motion 0.0108, OK (24 conflicts) [7.6 s]
    step dist=3.20e-03: check 4 ms, fail 1446073 (+294213 slant, 1820596 patch boxes, 7.8 s), motion 0.0135, OK (24 conflicts) [8.6 s]
    step dist=3.84e-03: check 4 ms, fail 1567211 (+294213 slant, 1957022 patch boxes, 8.2 s), motion 0.0161, OK (24 conflicts) [8.9 s]
  line (phi+2, lam+2):
  anchor: 4779903 boxes, cached 2080620 (+296010 slant) [95 MB], 24 conflicts, 26 s
    step dist=6.40e-04: check 4 ms, fail 461716 (+296010 slant, 773876 patch boxes, 3.3 s), motion 0.0027, OK (24 conflicts) [4.0 s]
    step dist=1.28e-03: check 3 ms, fail 807645 (+296010 slant, 1135739 patch boxes, 4.7 s), motion 0.0054, OK (24 conflicts) [5.6 s]
    step dist=1.92e-03: check 3 ms, fail 1060505 (+296010 slant, 1404437 patch boxes, 6.4 s), motion 0.0081, OK (24 conflicts) [7.2 s]
    step dist=2.56e-03: check 7 ms, fail 1276882 (+296010 slant, 1637162 patch boxes, 7.1 s), motion 0.0108, OK (24 conflicts) [7.8 s]
    step dist=3.20e-03: check 4 ms, fail 1444893 (+296010 slant, 1821007 patch boxes, 7.6 s), motion 0.0135, OK (24 conflicts) [8.4 s]
    step dist=3.84e-03: check 4 ms, fail 1566015 (+296010 slant, 1957645 patch boxes, 8.2 s), motion 0.0162, OK (24 conflicts) [8.9 s]
  line (phi+2, lam+3):
  anchor: 4783503 boxes, cached 2081548 (+296883 slant) [95 MB], 24 conflicts, 26 s
    step dist=6.40e-04: check 4 ms, fail 462542 (+296883 slant, 775383 patch boxes, 3.3 s), motion 0.0027, OK (24 conflicts) [4.2 s]
    step dist=1.28e-03: check 4 ms, fail 808586 (+296883 slant, 1137691 patch boxes, 4.8 s), motion 0.0054, OK (24 conflicts) [6.0 s]
    step dist=1.92e-03: check 4 ms, fail 1061517 (+296883 slant, 1406544 patch boxes, 6.2 s), motion 0.0081, OK (24 conflicts) [7.0 s]
    step dist=2.56e-03: check 3 ms, fail 1277939 (+296883 slant, 1638752 patch boxes, 6.7 s), motion 0.0108, OK (24 conflicts) [7.5 s]
    step dist=3.20e-03: check 4 ms, fail 1445868 (+296883 slant, 1822409 patch boxes, 7.5 s), motion 0.0135, OK (24 conflicts) [8.3 s]
    step dist=3.84e-03: check 4 ms, fail 1566914 (+296883 slant, 1959025 patch boxes, 8.1 s), motion 0.0162, OK (24 conflicts) [8.8 s]
  line (phi+3, lam+0):
  anchor: 4778727 boxes, cached 2079805 (+296209 slant) [95 MB], 24 conflicts, 25 s
    step dist=6.40e-04: check 4 ms, fail 460966 (+296209 slant, 773281 patch boxes, 3.3 s), motion 0.0027, OK (24 conflicts) [4.1 s]
    step dist=1.28e-03: check 4 ms, fail 806556 (+296209 slant, 1134975 patch boxes, 4.8 s), motion 0.0054, OK (24 conflicts) [5.6 s]
    step dist=1.92e-03: check 3 ms, fail 1059446 (+296209 slant, 1404241 patch boxes, 5.8 s), motion 0.0080, OK (24 conflicts) [6.6 s]
    step dist=2.56e-03: check 4 ms, fail 1275558 (+296209 slant, 1636177 patch boxes, 6.7 s), motion 0.0107, OK (24 conflicts) [7.4 s]
    step dist=3.20e-03: check 4 ms, fail 1443811 (+296209 slant, 1819764 patch boxes, 7.5 s), motion 0.0134, OK (24 conflicts) [8.2 s]
    step dist=3.84e-03: check 3 ms, fail 1564831 (+296209 slant, 1956336 patch boxes, 8.0 s), motion 0.0161, OK (24 conflicts) [8.7 s]
  line (phi+3, lam+1):
  anchor: 4780383 boxes, cached 2080315 (+296354 slant) [95 MB], 24 conflicts, 25 s
    step dist=6.40e-04: check 4 ms, fail 461412 (+296354 slant, 773860 patch boxes, 3.3 s), motion 0.0027, OK (24 conflicts) [4.1 s]
    step dist=1.28e-03: check 4 ms, fail 807287 (+296354 slant, 1135849 patch boxes, 4.7 s), motion 0.0054, OK (24 conflicts) [5.6 s]
    step dist=1.92e-03: check 3 ms, fail 1060227 (+296354 slant, 1404903 patch boxes, 5.8 s), motion 0.0081, OK (24 conflicts) [6.6 s]
    step dist=2.56e-03: check 4 ms, fail 1276352 (+296354 slant, 1637044 patch boxes, 6.7 s), motion 0.0107, OK (24 conflicts) [7.5 s]
    step dist=3.20e-03: check 4 ms, fail 1444512 (+296354 slant, 1821010 patch boxes, 7.5 s), motion 0.0134, OK (24 conflicts) [8.3 s]
    step dist=3.84e-03: check 3 ms, fail 1565566 (+296354 slant, 1957890 patch boxes, 8.0 s), motion 0.0161, OK (24 conflicts) [8.9 s]
  line (phi+3, lam+2):
  anchor: 4782003 boxes, cached 2082227 (+295309 slant) [95 MB], 24 conflicts, 25 s
    step dist=6.40e-04: check 4 ms, fail 462525 (+295309 slant, 774148 patch boxes, 3.3 s), motion 0.0027, OK (24 conflicts) [4.0 s]
    step dist=1.28e-03: check 3 ms, fail 808964 (+295309 slant, 1136593 patch boxes, 4.7 s), motion 0.0054, OK (24 conflicts) [5.4 s]
    step dist=1.92e-03: check 4 ms, fail 1061866 (+295309 slant, 1405249 patch boxes, 5.7 s), motion 0.0081, OK (24 conflicts) [6.4 s]
    step dist=2.56e-03: check 3 ms, fail 1278302 (+295309 slant, 1638037 patch boxes, 6.7 s), motion 0.0108, OK (24 conflicts) [7.5 s]
    step dist=3.20e-03: check 4 ms, fail 1446526 (+295309 slant, 1822175 patch boxes, 7.4 s), motion 0.0134, OK (24 conflicts) [8.2 s]
    step dist=3.84e-03: check 3 ms, fail 1567637 (+295309 slant, 1958682 patch boxes, 8.0 s), motion 0.0161, OK (24 conflicts) [8.7 s]
  line (phi+3, lam+3):
  anchor: 4783879 boxes, cached 2082843 (+295680 slant) [95 MB], 24 conflicts, 25 s
    step dist=6.40e-04: check 4 ms, fail 462982 (+295680 slant, 774738 patch boxes, 3.3 s), motion 0.0027, OK (24 conflicts) [4.1 s]
    step dist=1.28e-03: check 5 ms, fail 809498 (+295680 slant, 1137412 patch boxes, 4.7 s), motion 0.0054, OK (24 conflicts) [5.6 s]
    step dist=1.92e-03: check 3 ms, fail 1062428 (+295680 slant, 1406152 patch boxes, 5.8 s), motion 0.0081, OK (24 conflicts) [6.6 s]
    step dist=2.56e-03: check 3 ms, fail 1279007 (+295680 slant, 1638169 patch boxes, 6.7 s), motion 0.0108, OK (24 conflicts) [7.6 s]
    step dist=3.20e-03: check 3 ms, fail 1447096 (+295680 slant, 1822542 patch boxes, 7.5 s), motion 0.0135, OK (24 conflicts) [8.3 s]
    step dist=3.84e-03: check 4 ms, fail 1568202 (+295680 slant, 1959152 patch boxes, 8.0 s), motion 0.0161, OK (24 conflicts) [8.9 s]

BLOCK CERTIFIED (prototype): 112 tiles, 16 anchors, 17.7 min
certified box: theta [5.978103, 5.982743] x phi [4.007135, 4.010095] x lam [1.632365, 1.635325]
extents 4.64e-03 x 2.96e-03 x 2.96e-03 = volume 4.07e-08 (79x one tile)
