pt 0: roots=60 minsep=0.26 minsig=0.0097 maxSn= 11.6 gb=0.38 h_slope=4.29e-04 h_med=6.09e-03
pt 1: roots=60 minsep=0.12 minsig=0.0066 maxSn= 46.5 gb=0.24 h_slope=6.89e-05 h_med=6.13e-03
pt 2: roots=48 minsep=0.88 minsig=0.0326 maxSn= 11.1 gb=0.44 h_slope=1.90e-03 h_med=5.22e-03
pt 3: roots=56 minsep=0.39 minsig=0.0173 maxSn= 17.3 gb=0.45 h_slope=4.62e-04 h_med=3.87e-03
pt 4: roots=56 minsep=0.87 minsig=0.0051 maxSn= 25.7 gb=0.33 h_slope=9.27e-05 h_med=6.89e-03
pt 5: roots=56 minsep=0.44 minsig=0.0157 maxSn= 14.8 gb=0.51 h_slope=7.52e-04 h_med=4.08e-03
pt 6: roots=56 minsep=0.94 minsig=0.0109 maxSn= 11.7 gb=0.36 h_slope=4.44e-04 h_med=6.78e-03
pt 7: roots=56 minsep=0.40 minsig=0.0147 maxSn= 16.3 gb=0.57 h_slope=4.01e-04 h_med=4.65e-03
pt 8: roots=52 minsep=0.97 minsig=0.0028 maxSn= 77.9 gb=0.34 h_slope=1.68e-05 h_med=6.34e-03
pt 9: roots=48 minsep=1.25 minsig=0.0234 maxSn=  9.3 gb=0.40 h_slope=1.11e-03 h_med=6.09e-03
pt 10: roots=52 minsep=0.36 minsig=0.0162 maxSn= 10.2 gb=0.39 h_slope=7.15e-04 h_med=5.44e-03
pt 11: roots=56 minsep=1.15 minsig=0.0175 maxSn= 11.0 gb=0.35 h_slope=8.65e-04 h_med=7.45e-03
pt 12: roots=48 minsep=1.14 minsig=0.0193 maxSn=  7.2 gb=0.46 h_slope=1.34e-03 h_med=7.32e-03
pt 13: roots=48 minsep=1.05 minsig=0.0429 maxSn=  5.6 gb=0.43 h_slope=3.98e-03 h_med=7.76e-03
pt 14: roots=56 minsep=1.04 minsig=0.0030 maxSn= 79.3 gb=0.39 h_slope=2.20e-05 h_med=8.72e-03
pt 15: roots=56 minsep=0.70 minsig=0.0154 maxSn= 12.0 gb=0.38 h_slope=6.23e-04 h_med=5.88e-03
pt 16: roots=48 minsep=0.84 minsig=0.0232 maxSn= 13.5 gb=0.50 h_slope=7.66e-04 h_med=6.29e-03
pt 17: roots=56 minsep=1.07 minsig=0.0097 maxSn= 17.6 gb=0.31 h_slope=2.52e-04 h_med=7.07e-03
pt 18: roots=56 minsep=0.79 minsig=0.0060 maxSn= 27.2 gb=0.53 h_slope=1.00e-04 h_med=4.80e-03
pt 19: roots=56 minsep=0.24 minsig=0.0048 maxSn= 21.2 gb=0.38 h_slope=1.36e-04 h_med=6.82e-03
pt 20: roots=48 minsep=0.91 minsig=0.0376 maxSn=  7.8 gb=0.49 h_slope=3.34e-03 h_med=6.10e-03
pt 21: roots=48 minsep=1.24 minsig=0.0236 maxSn=  6.3 gb=0.48 h_slope=2.47e-03 h_med=7.58e-03
pt 22: roots=56 minsep=0.26 minsig=0.0099 maxSn= 23.0 gb=0.45 h_slope=1.96e-04 h_med=5.89e-03
pt 23: roots=48 minsep=1.11 minsig=0.0308 maxSn= 11.5 gb=0.66 h_slope=1.98e-03 h_med=4.75e-03

=== 24 points ===
h_slope quartiles: 1.81e-04 / 5.43e-04 / 1.17e-03  min 1.68e-05  max 3.98e-03
points with h_slope < 5e-4: 12/24
campaign integral, Q-tubes (h=h_slope), cap 0.002: N ~ 4.03e+14 tiles
campaign integral, Q-tubes (h=h_slope), cap 0.005: N ~ 4.03e+14 tiles
campaign integral, first-order (h=h_slope/3), cap 0.002: N ~ 1.09e+16 tiles
campaign integral, first-order (h=h_slope/3), cap 0.005: N ~ 1.09e+16 tiles
