Searching four MU bases: d=6, {I,F,B2,B3}, 100 starts
  start 0: cost 8.946667e-02   (best 8.946667e-02)
  start 1: cost 2.052844e-01   (best 8.946667e-02)
  start 2: cost 1.433203e-01   (best 8.946667e-02)
  start 3: cost 8.946667e-02   (best 8.946667e-02)
  start 4: cost 1.847837e-01   (best 8.946667e-02)
  start 5: cost 1.148306e-01   (best 8.946667e-02)
  start 6: cost 8.946667e-02   (best 8.946667e-02)
  start 7: cost 2.489340e-01   (best 8.946667e-02)
  start 8: cost 1.988995e-01   (best 8.946667e-02)
  start 9: cost 1.988995e-01   (best 8.946667e-02)
  start 10: cost 1.061161e-01   (best 8.946667e-02)
  start 11: cost 1.061161e-01   (best 8.946667e-02)
  start 12: cost 2.253614e-01   (best 8.946667e-02)
  start 13: cost 2.489340e-01   (best 8.946667e-02)
  start 14: cost 1.988995e-01   (best 8.946667e-02)
  start 15: cost 1.148306e-01   (best 8.946667e-02)
  start 16: cost 1.061161e-01   (best 8.946667e-02)
  start 17: cost 8.946667e-02   (best 8.946667e-02)
  start 18: cost 8.946667e-02   (best 8.946667e-02)
  start 19: cost 2.052844e-01   (best 8.946667e-02)
  start 20: cost 2.524604e-01   (best 8.946667e-02)
  start 21: cost 8.946667e-02   (best 8.946667e-02)
  start 22: cost 2.271723e-01   (best 8.946667e-02)
  start 23: cost 1.847837e-01   (best 8.946667e-02)
  start 24: cost 8.946667e-02   (best 8.946667e-02)
  start 25: cost 2.477176e-01   (best 8.946667e-02)
  start 26: cost 2.052844e-01   (best 8.946667e-02)
  start 27: cost 1.489797e-01   (best 8.946667e-02)
  start 28: cost 1.148306e-01   (best 8.946667e-02)
  start 29: cost 1.847837e-01   (best 8.946667e-02)
  start 30: cost 2.052844e-01   (best 8.946667e-02)
  start 31: cost 1.146934e-01   (best 8.946667e-02)
  start 32: cost 3.803119e-01   (best 8.946667e-02)
  start 33: cost 2.446712e-01   (best 8.946667e-02)
  start 34: cost 1.061161e-01   (best 8.946667e-02)
  start 35: cost 1.850896e-01   (best 8.946667e-02)
  start 36: cost 2.676453e-01   (best 8.946667e-02)
  start 37: cost 1.489797e-01   (best 8.946667e-02)
  start 38: cost 8.946667e-02   (best 8.946667e-02)
  start 39: cost 2.271723e-01   (best 8.946667e-02)
  start 40: cost 1.988995e-01   (best 8.946667e-02)
  start 41: cost 1.847837e-01   (best 8.946667e-02)
  start 42: cost 1.847837e-01   (best 8.946667e-02)
  start 43: cost 1.061161e-01   (best 8.946667e-02)
  start 44: cost 2.253830e-01   (best 8.946667e-02)
  start 45: cost 1.433203e-01   (best 8.946667e-02)
  start 46: cost 1.061161e-01   (best 8.946667e-02)
  start 47: cost 1.061161e-01   (best 8.946667e-02)
  start 48: cost 2.446712e-01   (best 8.946667e-02)
  start 49: cost 1.061161e-01   (best 8.946667e-02)
  start 50: cost 1.988995e-01   (best 8.946667e-02)
  start 51: cost 1.433203e-01   (best 8.946667e-02)
  start 52: cost 2.234317e-01   (best 8.946667e-02)
  start 53: cost 1.847837e-01   (best 8.946667e-02)
  start 54: cost 1.433203e-01   (best 8.946667e-02)
  start 55: cost 2.052844e-01   (best 8.946667e-02)
  start 56: cost 1.625601e-01   (best 8.946667e-02)
  start 57: cost 2.203644e-01   (best 8.946667e-02)
  start 58: cost 3.526795e-01   (best 8.946667e-02)
  start 59: cost 1.061161e-01   (best 8.946667e-02)
  start 60: cost 2.052844e-01   (best 8.946667e-02)
  start 61: cost 8.946667e-02   (best 8.946667e-02)
  start 62: cost 8.946667e-02   (best 8.946667e-02)
  start 63: cost 1.850896e-01   (best 8.946667e-02)
  start 64: cost 1.988995e-01   (best 8.946667e-02)
  start 65: cost 1.847837e-01   (best 8.946667e-02)
  start 66: cost 1.847837e-01   (best 8.946667e-02)
  start 67: cost 1.433203e-01   (best 8.946667e-02)
  start 68: cost 8.946667e-02   (best 8.946667e-02)
  start 69: cost 8.946667e-02   (best 8.946667e-02)
  start 70: cost 1.433203e-01   (best 8.946667e-02)
  start 71: cost 1.061161e-01   (best 8.946667e-02)
  start 72: cost 2.203644e-01   (best 8.946667e-02)
  start 73: cost 8.946667e-02   (best 8.946667e-02)
  start 74: cost 1.433203e-01   (best 8.946667e-02)
  start 75: cost 1.061161e-01   (best 8.946667e-02)
  start 76: cost 2.203644e-01   (best 8.946667e-02)
  start 77: cost 1.433203e-01   (best 8.946667e-02)
  start 78: cost 2.477176e-01   (best 8.946667e-02)
  start 79: cost 1.489797e-01   (best 8.946667e-02)
  start 80: cost 1.433203e-01   (best 8.946667e-02)
  start 81: cost 2.086896e-01   (best 8.946667e-02)
  start 82: cost 1.061161e-01   (best 8.946667e-02)
  start 83: cost 2.489340e-01   (best 8.946667e-02)
  start 84: cost 1.847837e-01   (best 8.946667e-02)
  start 85: cost 1.148306e-01   (best 8.946667e-02)
  start 86: cost 2.253830e-01   (best 8.946667e-02)
  start 87: cost 2.234317e-01   (best 8.946667e-02)
  start 88: cost 1.148306e-01   (best 8.946667e-02)
  start 89: cost 1.433203e-01   (best 8.946667e-02)
  start 90: cost 2.489340e-01   (best 8.946667e-02)
  start 91: cost 8.946667e-02   (best 8.946667e-02)
  start 92: cost 1.489797e-01   (best 8.946667e-02)
  start 93: cost 1.489797e-01   (best 8.946667e-02)
  start 94: cost 2.702672e-01   (best 8.946667e-02)
  start 95: cost 2.203644e-01   (best 8.946667e-02)
  start 96: cost 2.203644e-01   (best 8.946667e-02)
  start 97: cost 3.895894e-01   (best 8.946667e-02)
  start 98: cost 2.271723e-01   (best 8.946667e-02)
  start 99: cost 1.988995e-01   (best 8.946667e-02)

best cost (0.5*sum residuals^2): 8.946667e-02
median cost over starts:          1.847837e-01
starts within 2x of best:         48/100
D-bar_4 of best solution (unitarized): 0.9940356
worst pairwise unbiasedness defect:    0.103750
(exact four MU bases would give D-bar_4 = 1, defect = 0;
 known numerical max in d=6 is D-bar_4 = 0.9982917)
